[31mx[39m Build failed in 219ms
[31merror during build:
[31m[vite:esbuild] Transform failed with 1 error:
C:/Users/UWS/OneDrive/Desktop/Arduino project/src/components/EnquiryForm.jsx:208:79: ERROR: Expected "..." but found "}"[31m
file: [36mC:/Users/UWS/OneDrive/Desktop/Arduino project/src/components/EnquiryForm.jsx:208:79[31m
[33m
[33mExpected "..." but found "}"[33m
206|                    <input
207|                      id="name"
208|                      name="name"              {/* Matches the key in formData */}
   |                                                                                 ^
209|                      type="text"
210|                      className={`form__input ${errors.name ? 'error' : ''}`}
[31m
    at failureErrorWithLog (C:\Users\UWS\OneDrive\Desktop\Arduino project\node_modules\esbuild\lib\main.js:1472:15)
    at C:\Users\UWS\OneDrive\Desktop\Arduino project\node_modules\esbuild\lib\main.js:755:50
    at responseCallbacks.<computed> (C:\Users\UWS\OneDrive\Desktop\Arduino project\node_modules\esbuild\lib\main.js:622:9)
    at handleIncomingPacket (C:\Users\UWS\OneDrive\Desktop\Arduino project\node_modules\esbuild\lib\main.js:677:12)
    at Socket.readFromStdout (C:\Users\UWS\OneDrive\Desktop\Arduino project\node_modules\esbuild\lib\main.js:600:7)
    at Socket.emit (node:events:518:28)
    at addChunk (node:internal/streams/readable:561:12)
    at readableAddChunkPushByteMode (node:internal/streams/readable:512:3)
    at Readable.push (node:internal/streams/readable:392:5)
    at Pipe.onStreamRead (node:internal/stream_base_commons:189:23)[39m
